07-OCT-26 00:00:29.809: Starting "EXAMPLE"."EXPORT_SCHEMA_41780":  
07-OCT-26 00:00:37.275: Processing object type SCHEMA_EXPORT/TABLE/TABLE_DATA
07-OCT-26 00:00:37.712: Processing object type SCHEMA_EXPORT/PACKAGE/PACKAGE_BODY
07-OCT-26 00:00:38.505: Processing object type SCHEMA_EXPORT/PRE_SCHEMA/PROCACT_SCHEMA/LOGREP
07-OCT-26 00:00:39.689: Processing object type SCHEMA_EXPORT/SEQUENCE/SEQUENCE
07-OCT-26 00:00:47.351: Processing object type SCHEMA_EXPORT/TABLE/TABLE
07-OCT-26 00:01:01.951: Processing object type SCHEMA_EXPORT/TABLE/COMMENT
07-OCT-26 00:01:02.243: Processing object type SCHEMA_EXPORT/TABLE/IDENTITY_COLUMN
07-OCT-26 00:01:02.976: Processing object type SCHEMA_EXPORT/PACKAGE/PACKAGE_SPEC
07-OCT-26 00:01:03.949: Processing object type SCHEMA_EXPORT/PACKAGE/COMPILE_PACKAGE/PACKAGE_SPEC/ALTER_PACKAGE_SPEC
07-OCT-26 00:01:06.565: Processing object type SCHEMA_EXPORT/VIEW/VIEW
07-OCT-26 00:01:07.593: Processing object type SCHEMA_EXPORT/TABLE/INDEX/INDEX
07-OCT-26 00:01:11.956: Processing object type SCHEMA_EXPORT/TABLE/CONSTRAINT/CONSTRAINT
07-OCT-26 00:01:13.469: Processing object type SCHEMA_EXPORT/TABLE/CONSTRAINT/REF_CONSTRAINT
07-OCT-26 00:01:17.039: Processing object type SCHEMA_EXPORT/POST_SCHEMA/PROCACT_SCHEMA/LBAC_EXP
07-OCT-26 00:01:17.557: . . exported "EXAMPLE"."PAGE_HIT"                          1.3 MB   18768 rows
07-OCT-26 00:01:17.622: . . exported "EXAMPLE"."WEBSITE_FONT"                     35.5 KB      60 rows
07-OCT-26 00:01:17.729: . . exported "EXAMPLE"."ASSET"                           485.4 KB   21691 rows
07-OCT-26 00:01:17.876: . . exported "EXAMPLE"."ARTICLE"                         704.2 KB     720 rows
07-OCT-26 00:01:17.940: . . exported "EXAMPLE"."TEMP_ARTICLE"                     10.5 KB       1 rows
07-OCT-26 00:01:17.995: . . exported "EXAMPLE"."ICON"                             13.9 KB      25 rows
07-OCT-26 00:01:18.074: . . exported "EXAMPLE"."IP_LOOKUP_HASH"                  427.8 KB   13424 rows
07-OCT-26 00:01:18.138: . . exported "EXAMPLE"."WEBSITE_ARTICLE"                  14.6 KB      69 rows
07-OCT-26 00:01:18.207: . . exported "EXAMPLE"."FONT"                            125.3 KB    1951 rows
07-OCT-26 00:01:18.276: . . exported "EXAMPLE"."GOOGLE_FONT"                     120.4 KB    1951 rows
07-OCT-26 00:01:18.327: . . exported "EXAMPLE"."LANGUAGE"                          7.1 KB      18 rows
07-OCT-26 00:01:18.374: . . exported "EXAMPLE"."LOG"                               5.3 KB       6 rows
07-OCT-26 00:01:18.481: . . exported "EXAMPLE"."USAGE"                            52.6 KB    1752 rows
07-OCT-26 00:01:18.532: . . exported "EXAMPLE"."BROWSER_LOOKUP"                   38.6 KB    1097 rows
07-OCT-26 00:01:18.585: . . exported "EXAMPLE"."WEBSITE_FILES"                    20.5 KB     340 rows
07-OCT-26 00:01:18.680: . . exported "EXAMPLE"."WEBSITE"                          11.6 KB      25 rows
07-OCT-26 00:01:18.731: . . exported "EXAMPLE"."ARTICLE_CHARS"                    17.2 KB     427 rows
07-OCT-26 00:01:18.778: . . exported "EXAMPLE"."FONT_AXES"                        12.2 KB    1557 rows
07-OCT-26 00:01:18.836: . . exported "EXAMPLE"."WEBSITE_CPU"                      13.2 KB     278 rows
07-OCT-26 00:01:18.903: . . exported "EXAMPLE"."FONT_STATIC_WGHT"                 11.7 KB    2331 rows
07-OCT-26 00:01:18.952: . . exported "EXAMPLE"."FONT_METADATA"                     8.8 KB      53 rows
07-OCT-26 00:01:19.003: . . exported "EXAMPLE"."SECURITY_LOG"                        7 KB      93 rows
07-OCT-26 00:01:19.092: . . exported "EXAMPLE"."TEMP_WEBSITE_FONT"                 6.6 KB      46 rows
07-OCT-26 00:01:19.142: . . exported "EXAMPLE"."USERS"                             8.2 KB      23 rows
07-OCT-26 00:01:19.191: . . exported "EXAMPLE"."NETLIFY_DNS_RECORD"                6.8 KB      40 rows
07-OCT-26 00:01:19.241: . . exported "EXAMPLE"."FINGERPRINT"                       8.1 KB      54 rows
07-OCT-26 00:01:19.291: . . exported "EXAMPLE"."JWKS_KEY_CACHE"                      7 KB       6 rows
07-OCT-26 00:01:19.339: . . exported "EXAMPLE"."NETLIFY_SITE"                      7.2 KB      37 rows
07-OCT-26 00:01:19.390: . . exported "EXAMPLE"."STYLES"                            6.2 KB      58 rows
07-OCT-26 00:01:19.440: . . exported "EXAMPLE"."FONT_AXES_VALUE"                   6.2 KB      92 rows
07-OCT-26 00:01:19.487: . . exported "EXAMPLE"."REFRESH_TOKEN_NEW"                 7.3 KB      47 rows
07-OCT-26 00:01:19.535: . . exported "EXAMPLE"."REFRESH_TOKEN"                       7 KB      42 rows
07-OCT-26 00:01:19.679: . . exported "EXAMPLE"."WEBSITE_CHARS"                     5.5 KB      16 rows
07-OCT-26 00:01:19.728: . . exported "EXAMPLE"."ARTICLE_MESSAGE"                   5.7 KB      23 rows
07-OCT-26 00:01:19.776: . . exported "EXAMPLE"."ASSET_USED"                        5.5 KB     107 rows
07-OCT-26 00:01:19.821: . . exported "EXAMPLE"."NETLIFY_FILE"                      5.4 KB      14 rows
07-OCT-26 00:01:19.866: . . exported "EXAMPLE"."NETLIFY_DNS_ZONE"                  5.4 KB      12 rows
07-OCT-26 00:01:19.910: . . exported "EXAMPLE"."NETLIFY_DNS_ZONE_SERVER"             5 KB      48 rows
07-OCT-26 00:01:19.953: . . exported "EXAMPLE"."WEBSITE_VISITOR"                   4.9 KB       1 rows
07-OCT-26 00:01:20.027: . . exported "EXAMPLE"."API_CREDENTIAL"                    5.5 KB      10 rows
07-OCT-26 00:01:20.074: . . exported "EXAMPLE"."WEBSITE_ARTICLE_STYLES"            4.8 KB       4 rows
07-OCT-26 00:01:20.122: . . exported "EXAMPLE"."WEBSITE_STYLES"                    4.8 KB       3 rows
07-OCT-26 00:01:20.176: . . exported "EXAMPLE"."ARTICLE_LINK"                      4.8 KB      51 rows
07-OCT-26 00:01:20.223: . . exported "EXAMPLE"."TEMP"                              4.8 KB       9 rows
07-OCT-26 00:01:20.229: . . exported "EXAMPLE"."DBTOOLS$EXECUTION_HISTORY"           0 KB       0 rows
07-OCT-26 00:01:20.235: . . exported "EXAMPLE"."ES_MODULES_FONTS"                    0 KB       0 rows
07-OCT-26 00:01:24.336: Master table "EXAMPLE"."EXPORT_SCHEMA_41780" successfully loaded/unloaded
07-OCT-26 00:01:24.732: ******************************************************************************
07-OCT-26 00:01:24.733: Dump file set for EXAMPLE.EXPORT_SCHEMA_41780 is:
07-OCT-26 00:01:24.734:   /u03/dbfs/1E20BEEAF2C0BC4DE063ED5D000AE048/data/dpdump/EXPORT_SCHEMA.EXAMPLE.dmp
07-OCT-26 00:01:24.752: Job "EXAMPLE"."EXPORT_SCHEMA_41780" successfully completed at Wed Oct 7 00:01:24 2026 elapsed 0 00:01:00
